// Jest Snapshot v1, https://goo.gl/fbAQLP

exports[`SearchMessage ===================== renders correctly with no props 1`] = `ShallowWrapper {}`;

exports[`SearchMessage ===================== should render correctly with no props 1`] = `ShallowWrapper {}`;
