// Jest Snapshot v1, https://goo.gl/fbAQLP

exports[`SearchResult ===================== renders correctly with no props 1`] = `ShallowWrapper {}`;
